---
http_interactions:
- request:
    method: post
    uri: https://example.amcsplatform.com/erp/api/authTokens?privatekey=HevysxrDUiPXUeBoxOLBVJpsAMmEAhj5
    body:
      encoding: UTF-8
      string: ''
    headers:
      Accept-Encoding:
      - gzip;q=1.0,deflate;q=0.6,identity;q=0.3
      Accept:
      - "*/*"
      User-Agent:
      - Ruby
  response:
    status:
      code: 200
      message: OK
    headers:
      Content-Length:
      - '301'
      Content-Type:
      - application/json; charset=utf-8
      Date:
      - Sun, 26 Jun 2022 09:33:30 GMT
      Server:
      - Microsoft-IIS/10.0
      Access-Control-Allow-Credentials:
      - 'true'
      Access-Control-Allow-Headers:
      - AccessKey, Authorization, Content-Type
      Access-Control-Allow-Methods:
      - GET, POST, PUT, DELETE, OPTIONS
      Access-Control-Allow-Origin:
      - "*"
      Access-Control-Expose-Headers:
      - Request-Context
      Cache-Control:
      - private
      Set-Cookie:
      - Platform.ERP.SessionToken=eyJhbGciOiJIUzUxMiIsInR5cCI6IkpXVCJ9.eyJzdWIiOiJqb2huLndhbGxhY2UiLCJzdWJfaWQiOiIxNjciLCJzdWJfY29pZCI6IjEiLCJuYmYiOjE2NTYyMzQyMTAsImV4cCI6MTY1NjIzNzgxMCwiaWF0IjoxNjU2MjM2MDEwfQ.IMNKAamI0xvTXaHmVuDU4EWLV_Ay0PZkxvnl2WzVcM8MBqBc9LOzuGI_DjkP3JkcsrSXYZnULkWI9ULU9RljzQ;
        path=/erp/api/; HttpOnly
      Vary:
      - Accept-Encoding
      X-Aspnetmvc-Version:
      - '5.2'
      Request-Context:
      - appId=cid-v1:c9a7df32-3abb-4b51-9d1e-7465d1c8a9fd
      X-Powered-By:
      - ASP.NET
    body:
      encoding: UTF-8
      string: '{"authResult":"ok","username":"john.wallace","userIdentity":"john.wallace@hamnavoepartners.com","sysUserId":167,"userGuid":"bfb4d0aa-8ac5-4c07-965d-39e2eaa97f7b","companyoutletid":1,"companyOutletGuid":"1a7cce04-df39-e911-85b3-00155d675d9a"}'
  recorded_at: Sun, 26 Jun 2022 09:33:30 GMT
- request:
    method: get
    uri: https://example.amcsplatform.com/erp/api/integrator/erp/lists/paymentTypes
    body:
      encoding: US-ASCII
      string: ''
    headers:
      Cookie:
      - Platform.ERP.SessionToken=eyJhbGciOiJIUzUxMiIsInR5cCI6IkpXVCJ9.eyJzdWIiOiJqb2huLndhbGxhY2UiLCJzdWJfaWQiOiIxNjciLCJzdWJfY29pZCI6IjEiLCJuYmYiOjE2NTYyMzQyMTAsImV4cCI6MTY1NjIzNzgxMCwiaWF0IjoxNjU2MjM2MDEwfQ.IMNKAamI0xvTXaHmVuDU4EWLV_Ay0PZkxvnl2WzVcM8MBqBc9LOzuGI_DjkP3JkcsrSXYZnULkWI9ULU9RljzQ;
        path=/erp/api/; HttpOnly
      Accept-Encoding:
      - gzip;q=1.0,deflate;q=0.6,identity;q=0.3
      Accept:
      - "*/*"
      User-Agent:
      - Ruby
  response:
    status:
      code: 200
      message: OK
    headers:
      Content-Length:
      - '733'
      Content-Type:
      - application/json; charset=utf-8
      Date:
      - Sun, 26 Jun 2022 09:33:30 GMT
      Server:
      - Microsoft-IIS/10.0
      Access-Control-Allow-Credentials:
      - 'true'
      Access-Control-Allow-Headers:
      - AccessKey, Authorization, Content-Type
      Access-Control-Allow-Methods:
      - GET, POST, PUT, DELETE, OPTIONS
      Access-Control-Allow-Origin:
      - "*"
      Access-Control-Expose-Headers:
      - Request-Context
      Cache-Control:
      - private
      Set-Cookie:
      - Platform.ERP.SessionToken=eyJhbGciOiJIUzUxMiIsInR5cCI6IkpXVCJ9.eyJzdWIiOiJqb2huLndhbGxhY2UiLCJzdWJfaWQiOiIxNjciLCJzdWJfY29pZCI6IjEiLCJuYmYiOjE2NTYyMzQyMTAsImV4cCI6MTY1NjIzNzgxMCwiaWF0IjoxNjU2MjM2MDEwfQ.IMNKAamI0xvTXaHmVuDU4EWLV_Ay0PZkxvnl2WzVcM8MBqBc9LOzuGI_DjkP3JkcsrSXYZnULkWI9ULU9RljzQ;
        path=/erp/api/; HttpOnly
      Vary:
      - Accept-Encoding
      X-Aspnetmvc-Version:
      - '5.2'
      Request-Context:
      - appId=cid-v1:c9a7df32-3abb-4b51-9d1e-7465d1c8a9fd
      X-Powered-By:
      - ASP.NET
    body:
      encoding: UTF-8
      string: '{"resource":[{"resource":{"Description":"Cash","IsDeleted":false,"IsDirectDebit":false,"IsCash":true,"IsAutoPay":false,"IsCard":false,"IsElectronic":false,"IsCheque":false,"AcceptLowValue":false,"IsSystemPayment":false,"CanMarkAsBad":true,"IsNegative":false,"IsForLodgement":true,"ShortCode":null,"GUID":"f0fd8713-df39-e911-85b3-00155d675d9a"}},{"resource":{"Description":"Credit
        Card","IsDeleted":false,"IsDirectDebit":false,"IsCash":false,"IsAutoPay":false,"IsCard":true,"IsElectronic":false,"IsCheque":false,"AcceptLowValue":false,"IsSystemPayment":false,"CanMarkAsBad":true,"IsNegative":false,"IsForLodgement":false,"ShortCode":null,"GUID":"f1fd8713-df39-e911-85b3-00155d675d9a"}},{"resource":{"Description":"Cheque","IsDeleted":false,"IsDirectDebit":false,"IsCash":false,"IsAutoPay":false,"IsCard":false,"IsElectronic":false,"IsCheque":true,"AcceptLowValue":false,"IsSystemPayment":false,"CanMarkAsBad":true,"IsNegative":false,"IsForLodgement":true,"ShortCode":null,"GUID":"f2fd8713-df39-e911-85b3-00155d675d9a"}},{"resource":{"Description":"Direct
        Debit","IsDeleted":false,"IsDirectDebit":true,"IsCash":false,"IsAutoPay":false,"IsCard":false,"IsElectronic":false,"IsCheque":false,"AcceptLowValue":false,"IsSystemPayment":false,"CanMarkAsBad":true,"IsNegative":false,"IsForLodgement":false,"ShortCode":null,"GUID":"f3fd8713-df39-e911-85b3-00155d675d9a"}},{"resource":{"Description":"Rebate","IsDeleted":false,"IsDirectDebit":true,"IsCash":false,"IsAutoPay":false,"IsCard":false,"IsElectronic":false,"IsCheque":false,"AcceptLowValue":false,"IsSystemPayment":false,"CanMarkAsBad":false,"IsNegative":true,"IsForLodgement":false,"ShortCode":null,"GUID":"f4fd8713-df39-e911-85b3-00155d675d9a"}},{"resource":{"Description":"EPICOR","IsDeleted":true,"IsDirectDebit":false,"IsCash":false,"IsAutoPay":false,"IsCard":false,"IsElectronic":false,"IsCheque":false,"AcceptLowValue":false,"IsSystemPayment":true,"CanMarkAsBad":true,"IsNegative":true,"IsForLodgement":false,"ShortCode":null,"GUID":"f5fd8713-df39-e911-85b3-00155d675d9a"}},{"resource":{"Description":"Vault","IsDeleted":true,"IsDirectDebit":false,"IsCash":false,"IsAutoPay":false,"IsCard":true,"IsElectronic":false,"IsCheque":false,"AcceptLowValue":false,"IsSystemPayment":true,"CanMarkAsBad":true,"IsNegative":false,"IsForLodgement":false,"ShortCode":null,"GUID":"f6fd8713-df39-e911-85b3-00155d675d9a"}},{"resource":{"Description":"Credit
        Card (Auto Pay)","IsDeleted":false,"IsDirectDebit":false,"IsCash":false,"IsAutoPay":true,"IsCard":true,"IsElectronic":false,"IsCheque":false,"AcceptLowValue":false,"IsSystemPayment":false,"CanMarkAsBad":true,"IsNegative":false,"IsForLodgement":false,"ShortCode":null,"GUID":"f7fd8713-df39-e911-85b3-00155d675d9a"}},{"resource":{"Description":"EFT","IsDeleted":false,"IsDirectDebit":false,"IsCash":false,"IsAutoPay":false,"IsCard":false,"IsElectronic":true,"IsCheque":false,"AcceptLowValue":false,"IsSystemPayment":false,"CanMarkAsBad":false,"IsNegative":false,"IsForLodgement":true,"ShortCode":null,"GUID":"7bc3c7cc-7704-41ea-8a7d-6eb3d1cd77bd"}},{"resource":{"Description":"Account
        ","IsDeleted":false,"IsDirectDebit":false,"IsCash":false,"IsAutoPay":false,"IsCard":false,"IsElectronic":false,"IsCheque":false,"AcceptLowValue":false,"IsSystemPayment":false,"CanMarkAsBad":false,"IsNegative":false,"IsForLodgement":false,"ShortCode":null,"GUID":"da074a79-24ee-4076-aff4-307c85910d1b"}}]}'
  recorded_at: Sun, 26 Jun 2022 09:33:30 GMT
- request:
    method: post
    uri: https://example.amcsplatform.com/erp/api/authTokens?privatekey=HevysxrDUiPXUeBoxOLBVJpsAMmEAhj5
    body:
      encoding: UTF-8
      string: ''
    headers:
      Accept-Encoding:
      - gzip;q=1.0,deflate;q=0.6,identity;q=0.3
      Accept:
      - "*/*"
      User-Agent:
      - Ruby
  response:
    status:
      code: 200
      message: OK
    headers:
      Content-Length:
      - '301'
      Content-Type:
      - application/json; charset=utf-8
      Date:
      - Sun, 26 Jun 2022 09:33:31 GMT
      Server:
      - Microsoft-IIS/10.0
      Access-Control-Allow-Credentials:
      - 'true'
      Access-Control-Allow-Headers:
      - AccessKey, Authorization, Content-Type
      Access-Control-Allow-Methods:
      - GET, POST, PUT, DELETE, OPTIONS
      Access-Control-Allow-Origin:
      - "*"
      Access-Control-Expose-Headers:
      - Request-Context
      Cache-Control:
      - private
      Set-Cookie:
      - Platform.ERP.SessionToken=eyJhbGciOiJIUzUxMiIsInR5cCI6IkpXVCJ9.eyJzdWIiOiJqb2huLndhbGxhY2UiLCJzdWJfaWQiOiIxNjciLCJzdWJfY29pZCI6IjEiLCJuYmYiOjE2NTYyMzQyMTEsImV4cCI6MTY1NjIzNzgxMSwiaWF0IjoxNjU2MjM2MDExfQ.oFUwX7bW1i_b6807Rt0Gh5kCj-QFgmX6d7iKsjxKfBTOpXvEgU78IO_PdsPMFXevCbqPoHZmEk7CufkByskY4Q;
        path=/erp/api/; HttpOnly
      Vary:
      - Accept-Encoding
      X-Aspnetmvc-Version:
      - '5.2'
      Request-Context:
      - appId=cid-v1:c9a7df32-3abb-4b51-9d1e-7465d1c8a9fd
      X-Powered-By:
      - ASP.NET
    body:
      encoding: UTF-8
      string: '{"authResult":"ok","username":"john.wallace","userIdentity":"john.wallace@hamnavoepartners.com","sysUserId":167,"userGuid":"bfb4d0aa-8ac5-4c07-965d-39e2eaa97f7b","companyoutletid":1,"companyOutletGuid":"1a7cce04-df39-e911-85b3-00155d675d9a"}'
  recorded_at: Sun, 26 Jun 2022 09:33:31 GMT
- request:
    method: get
    uri: https://example.amcsplatform.com/erp/api/integrator/erp/lists/paymentTypes
    body:
      encoding: US-ASCII
      string: ''
    headers:
      Cookie:
      - Platform.ERP.SessionToken=eyJhbGciOiJIUzUxMiIsInR5cCI6IkpXVCJ9.eyJzdWIiOiJqb2huLndhbGxhY2UiLCJzdWJfaWQiOiIxNjciLCJzdWJfY29pZCI6IjEiLCJuYmYiOjE2NTYyMzQyMTEsImV4cCI6MTY1NjIzNzgxMSwiaWF0IjoxNjU2MjM2MDExfQ.oFUwX7bW1i_b6807Rt0Gh5kCj-QFgmX6d7iKsjxKfBTOpXvEgU78IO_PdsPMFXevCbqPoHZmEk7CufkByskY4Q;
        path=/erp/api/; HttpOnly
      Accept-Encoding:
      - gzip;q=1.0,deflate;q=0.6,identity;q=0.3
      Accept:
      - "*/*"
      User-Agent:
      - Ruby
  response:
    status:
      code: 200
      message: OK
    headers:
      Content-Length:
      - '733'
      Content-Type:
      - application/json; charset=utf-8
      Date:
      - Sun, 26 Jun 2022 09:33:31 GMT
      Server:
      - Microsoft-IIS/10.0
      Access-Control-Allow-Credentials:
      - 'true'
      Access-Control-Allow-Headers:
      - AccessKey, Authorization, Content-Type
      Access-Control-Allow-Methods:
      - GET, POST, PUT, DELETE, OPTIONS
      Access-Control-Allow-Origin:
      - "*"
      Access-Control-Expose-Headers:
      - Request-Context
      Cache-Control:
      - private
      Set-Cookie:
      - Platform.ERP.SessionToken=eyJhbGciOiJIUzUxMiIsInR5cCI6IkpXVCJ9.eyJzdWIiOiJqb2huLndhbGxhY2UiLCJzdWJfaWQiOiIxNjciLCJzdWJfY29pZCI6IjEiLCJuYmYiOjE2NTYyMzQyMTEsImV4cCI6MTY1NjIzNzgxMSwiaWF0IjoxNjU2MjM2MDExfQ.oFUwX7bW1i_b6807Rt0Gh5kCj-QFgmX6d7iKsjxKfBTOpXvEgU78IO_PdsPMFXevCbqPoHZmEk7CufkByskY4Q;
        path=/erp/api/; HttpOnly
      Vary:
      - Accept-Encoding
      X-Aspnetmvc-Version:
      - '5.2'
      Request-Context:
      - appId=cid-v1:c9a7df32-3abb-4b51-9d1e-7465d1c8a9fd
      X-Powered-By:
      - ASP.NET
    body:
      encoding: UTF-8
      string: '{"resource":[{"resource":{"Description":"Cash","IsDeleted":false,"IsDirectDebit":false,"IsCash":true,"IsAutoPay":false,"IsCard":false,"IsElectronic":false,"IsCheque":false,"AcceptLowValue":false,"IsSystemPayment":false,"CanMarkAsBad":true,"IsNegative":false,"IsForLodgement":true,"ShortCode":null,"GUID":"f0fd8713-df39-e911-85b3-00155d675d9a"}},{"resource":{"Description":"Credit
        Card","IsDeleted":false,"IsDirectDebit":false,"IsCash":false,"IsAutoPay":false,"IsCard":true,"IsElectronic":false,"IsCheque":false,"AcceptLowValue":false,"IsSystemPayment":false,"CanMarkAsBad":true,"IsNegative":false,"IsForLodgement":false,"ShortCode":null,"GUID":"f1fd8713-df39-e911-85b3-00155d675d9a"}},{"resource":{"Description":"Cheque","IsDeleted":false,"IsDirectDebit":false,"IsCash":false,"IsAutoPay":false,"IsCard":false,"IsElectronic":false,"IsCheque":true,"AcceptLowValue":false,"IsSystemPayment":false,"CanMarkAsBad":true,"IsNegative":false,"IsForLodgement":true,"ShortCode":null,"GUID":"f2fd8713-df39-e911-85b3-00155d675d9a"}},{"resource":{"Description":"Direct
        Debit","IsDeleted":false,"IsDirectDebit":true,"IsCash":false,"IsAutoPay":false,"IsCard":false,"IsElectronic":false,"IsCheque":false,"AcceptLowValue":false,"IsSystemPayment":false,"CanMarkAsBad":true,"IsNegative":false,"IsForLodgement":false,"ShortCode":null,"GUID":"f3fd8713-df39-e911-85b3-00155d675d9a"}},{"resource":{"Description":"Rebate","IsDeleted":false,"IsDirectDebit":true,"IsCash":false,"IsAutoPay":false,"IsCard":false,"IsElectronic":false,"IsCheque":false,"AcceptLowValue":false,"IsSystemPayment":false,"CanMarkAsBad":false,"IsNegative":true,"IsForLodgement":false,"ShortCode":null,"GUID":"f4fd8713-df39-e911-85b3-00155d675d9a"}},{"resource":{"Description":"EPICOR","IsDeleted":true,"IsDirectDebit":false,"IsCash":false,"IsAutoPay":false,"IsCard":false,"IsElectronic":false,"IsCheque":false,"AcceptLowValue":false,"IsSystemPayment":true,"CanMarkAsBad":true,"IsNegative":true,"IsForLodgement":false,"ShortCode":null,"GUID":"f5fd8713-df39-e911-85b3-00155d675d9a"}},{"resource":{"Description":"Vault","IsDeleted":true,"IsDirectDebit":false,"IsCash":false,"IsAutoPay":false,"IsCard":true,"IsElectronic":false,"IsCheque":false,"AcceptLowValue":false,"IsSystemPayment":true,"CanMarkAsBad":true,"IsNegative":false,"IsForLodgement":false,"ShortCode":null,"GUID":"f6fd8713-df39-e911-85b3-00155d675d9a"}},{"resource":{"Description":"Credit
        Card (reccuring)","IsDeleted":false,"IsDirectDebit":false,"IsCash":false,"IsAutoPay":true,"IsCard":true,"IsElectronic":false,"IsCheque":false,"AcceptLowValue":false,"IsSystemPayment":false,"CanMarkAsBad":true,"IsNegative":false,"IsForLodgement":false,"ShortCode":null,"GUID":"f7fd8713-df39-e911-85b3-00155d675d9a"}},{"resource":{"Description":"EFT","IsDeleted":false,"IsDirectDebit":false,"IsCash":false,"IsAutoPay":false,"IsCard":false,"IsElectronic":true,"IsCheque":false,"AcceptLowValue":false,"IsSystemPayment":false,"CanMarkAsBad":false,"IsNegative":false,"IsForLodgement":true,"ShortCode":null,"GUID":"7bc3c7cc-7704-41ea-8a7d-6eb3d1cd77bd"}},{"resource":{"Description":"Account
        ","IsDeleted":false,"IsDirectDebit":false,"IsCash":false,"IsAutoPay":false,"IsCard":false,"IsElectronic":false,"IsCheque":false,"AcceptLowValue":false,"IsSystemPayment":false,"CanMarkAsBad":false,"IsNegative":false,"IsForLodgement":false,"ShortCode":null,"GUID":"da074a79-24ee-4076-aff4-307c85910d1b"}},{"resource":{"Description":"Bit
        Coin","IsDeleted":false,"IsDirectDebit":false,"IsCash":false,"IsAutoPay":false,"IsCard":false,"IsElectronic":false,"IsCheque":false,"AcceptLowValue":false,"IsSystemPayment":false,"CanMarkAsBad":false,"IsNegative":false,"IsForLodgement":false,"ShortCode":null,"GUID":"75bd6832-c97c-44ca-90c9-e8b61f96c12b"}}]}'
  recorded_at: Sun, 26 Jun 2022 09:33:31 GMT
recorded_with: VCR 6.1.0
